Archive member included to satisfy reference by file (symbol)

c:/tools/avr-gcc_7.3.0/bin/../lib/gcc/avr/7.3.0/avr5\libgcc.a(_exit.o)
                              c:/tools/avr-gcc_7.3.0/bin/../lib/gcc/avr/7.3.0/../../../../avr/lib/avr5/crtatmega328.o (exit)
c:/tools/avr-gcc_7.3.0/bin/../lib/gcc/avr/7.3.0/avr5\libgcc.a(_clear_bss.o)
                              obj-m328/src/uart.o (__do_clear_bss)
c:/tools/avr-gcc_7.3.0/bin/../lib/gcc/avr/7.3.0/avr5\libgcc.a(_prologue.o)
                              obj-m328/src/uart.o (__prologue_saves__)
c:/tools/avr-gcc_7.3.0/bin/../lib/gcc/avr/7.3.0/avr5\libgcc.a(_epilogue.o)
                              obj-m328/src/uart.o (__epilogue_restores__)

Discarded input sections

 .data          0x0000000000000000        0x0 c:/tools/avr-gcc_7.3.0/bin/../lib/gcc/avr/7.3.0/../../../../avr/lib/avr5/crtatmega328.o
 .bss           0x0000000000000000        0x0 c:/tools/avr-gcc_7.3.0/bin/../lib/gcc/avr/7.3.0/../../../../avr/lib/avr5/crtatmega328.o
 .text          0x0000000000000000        0x0 obj-m328/src/main.o
 .data          0x0000000000000000        0x0 obj-m328/src/main.o
 .bss           0x0000000000000000        0x0 obj-m328/src/main.o
 .text.init     0x0000000000000000        0x4 obj-m328/src/main.o
 .text          0x0000000000000000        0x0 obj-m328/src/uart.o
 .data          0x0000000000000000        0x0 obj-m328/src/uart.o
 .bss           0x0000000000000000        0x0 obj-m328/src/uart.o
 .text.uart0_data_tosend
                0x0000000000000000        0x8 obj-m328/src/uart.o
 .text.uart0_flush
                0x0000000000000000        0xe obj-m328/src/uart.o
 .text.uart0_puts_P
                0x0000000000000000       0x1c obj-m328/src/uart.o
 .text.uart0_putcrlf
                0x0000000000000000        0xe obj-m328/src/uart.o
 .text.uart0_puthex
                0x0000000000000000       0x2c obj-m328/src/uart.o
 .text.uart0_trace
                0x0000000000000000       0xe2 obj-m328/src/uart.o
 .text.uart_init
                0x0000000000000000       0x2e obj-m328/src/uart.o
 .text          0x0000000000000000        0x0 c:/tools/avr-gcc_7.3.0/bin/../lib/gcc/avr/7.3.0/avr5\libgcc.a(_exit.o)
 .data          0x0000000000000000        0x0 c:/tools/avr-gcc_7.3.0/bin/../lib/gcc/avr/7.3.0/avr5\libgcc.a(_exit.o)
 .bss           0x0000000000000000        0x0 c:/tools/avr-gcc_7.3.0/bin/../lib/gcc/avr/7.3.0/avr5\libgcc.a(_exit.o)
 .text.libgcc.mul
                0x0000000000000000        0x0 c:/tools/avr-gcc_7.3.0/bin/../lib/gcc/avr/7.3.0/avr5\libgcc.a(_exit.o)
 .text.libgcc.div
                0x0000000000000000        0x0 c:/tools/avr-gcc_7.3.0/bin/../lib/gcc/avr/7.3.0/avr5\libgcc.a(_exit.o)
 .text.libgcc   0x0000000000000000        0x0 c:/tools/avr-gcc_7.3.0/bin/../lib/gcc/avr/7.3.0/avr5\libgcc.a(_exit.o)
 .text.libgcc.prologue
                0x0000000000000000        0x0 c:/tools/avr-gcc_7.3.0/bin/../lib/gcc/avr/7.3.0/avr5\libgcc.a(_exit.o)
 .text.libgcc.builtins
                0x0000000000000000        0x0 c:/tools/avr-gcc_7.3.0/bin/../lib/gcc/avr/7.3.0/avr5\libgcc.a(_exit.o)
 .text.libgcc.fmul
                0x0000000000000000        0x0 c:/tools/avr-gcc_7.3.0/bin/../lib/gcc/avr/7.3.0/avr5\libgcc.a(_exit.o)
 .text.libgcc.fixed
                0x0000000000000000        0x0 c:/tools/avr-gcc_7.3.0/bin/../lib/gcc/avr/7.3.0/avr5\libgcc.a(_exit.o)
 .text          0x0000000000000000        0x0 c:/tools/avr-gcc_7.3.0/bin/../lib/gcc/avr/7.3.0/avr5\libgcc.a(_clear_bss.o)
 .data          0x0000000000000000        0x0 c:/tools/avr-gcc_7.3.0/bin/../lib/gcc/avr/7.3.0/avr5\libgcc.a(_clear_bss.o)
 .bss           0x0000000000000000        0x0 c:/tools/avr-gcc_7.3.0/bin/../lib/gcc/avr/7.3.0/avr5\libgcc.a(_clear_bss.o)
 .text.libgcc.mul
                0x0000000000000000        0x0 c:/tools/avr-gcc_7.3.0/bin/../lib/gcc/avr/7.3.0/avr5\libgcc.a(_clear_bss.o)
 .text.libgcc.div
                0x0000000000000000        0x0 c:/tools/avr-gcc_7.3.0/bin/../lib/gcc/avr/7.3.0/avr5\libgcc.a(_clear_bss.o)
 .text.libgcc   0x0000000000000000        0x0 c:/tools/avr-gcc_7.3.0/bin/../lib/gcc/avr/7.3.0/avr5\libgcc.a(_clear_bss.o)
 .text.libgcc.prologue
                0x0000000000000000        0x0 c:/tools/avr-gcc_7.3.0/bin/../lib/gcc/avr/7.3.0/avr5\libgcc.a(_clear_bss.o)
 .text.libgcc.builtins
                0x0000000000000000        0x0 c:/tools/avr-gcc_7.3.0/bin/../lib/gcc/avr/7.3.0/avr5\libgcc.a(_clear_bss.o)
 .text.libgcc.fmul
                0x0000000000000000        0x0 c:/tools/avr-gcc_7.3.0/bin/../lib/gcc/avr/7.3.0/avr5\libgcc.a(_clear_bss.o)
 .text.libgcc.fixed
                0x0000000000000000        0x0 c:/tools/avr-gcc_7.3.0/bin/../lib/gcc/avr/7.3.0/avr5\libgcc.a(_clear_bss.o)
 .text          0x0000000000000000        0x0 c:/tools/avr-gcc_7.3.0/bin/../lib/gcc/avr/7.3.0/avr5\libgcc.a(_prologue.o)
 .data          0x0000000000000000        0x0 c:/tools/avr-gcc_7.3.0/bin/../lib/gcc/avr/7.3.0/avr5\libgcc.a(_prologue.o)
 .bss           0x0000000000000000        0x0 c:/tools/avr-gcc_7.3.0/bin/../lib/gcc/avr/7.3.0/avr5\libgcc.a(_prologue.o)
 .text.libgcc.mul
                0x0000000000000000        0x0 c:/tools/avr-gcc_7.3.0/bin/../lib/gcc/avr/7.3.0/avr5\libgcc.a(_prologue.o)
 .text.libgcc.div
                0x0000000000000000        0x0 c:/tools/avr-gcc_7.3.0/bin/../lib/gcc/avr/7.3.0/avr5\libgcc.a(_prologue.o)
 .text.libgcc   0x0000000000000000        0x0 c:/tools/avr-gcc_7.3.0/bin/../lib/gcc/avr/7.3.0/avr5\libgcc.a(_prologue.o)
 .text.libgcc.prologue
                0x0000000000000000       0x38 c:/tools/avr-gcc_7.3.0/bin/../lib/gcc/avr/7.3.0/avr5\libgcc.a(_prologue.o)
 .text.libgcc.builtins
                0x0000000000000000        0x0 c:/tools/avr-gcc_7.3.0/bin/../lib/gcc/avr/7.3.0/avr5\libgcc.a(_prologue.o)
 .text.libgcc.fmul
                0x0000000000000000        0x0 c:/tools/avr-gcc_7.3.0/bin/../lib/gcc/avr/7.3.0/avr5\libgcc.a(_prologue.o)
 .text.libgcc.fixed
                0x0000000000000000        0x0 c:/tools/avr-gcc_7.3.0/bin/../lib/gcc/avr/7.3.0/avr5\libgcc.a(_prologue.o)
 .text          0x0000000000000000        0x0 c:/tools/avr-gcc_7.3.0/bin/../lib/gcc/avr/7.3.0/avr5\libgcc.a(_epilogue.o)
 .data          0x0000000000000000        0x0 c:/tools/avr-gcc_7.3.0/bin/../lib/gcc/avr/7.3.0/avr5\libgcc.a(_epilogue.o)
 .bss           0x0000000000000000        0x0 c:/tools/avr-gcc_7.3.0/bin/../lib/gcc/avr/7.3.0/avr5\libgcc.a(_epilogue.o)
 .text.libgcc.mul
                0x0000000000000000        0x0 c:/tools/avr-gcc_7.3.0/bin/../lib/gcc/avr/7.3.0/avr5\libgcc.a(_epilogue.o)
 .text.libgcc.div
                0x0000000000000000        0x0 c:/tools/avr-gcc_7.3.0/bin/../lib/gcc/avr/7.3.0/avr5\libgcc.a(_epilogue.o)
 .text.libgcc   0x0000000000000000        0x0 c:/tools/avr-gcc_7.3.0/bin/../lib/gcc/avr/7.3.0/avr5\libgcc.a(_epilogue.o)
 .text.libgcc.prologue
                0x0000000000000000       0x36 c:/tools/avr-gcc_7.3.0/bin/../lib/gcc/avr/7.3.0/avr5\libgcc.a(_epilogue.o)
 .text.libgcc.builtins
                0x0000000000000000        0x0 c:/tools/avr-gcc_7.3.0/bin/../lib/gcc/avr/7.3.0/avr5\libgcc.a(_epilogue.o)
 .text.libgcc.fmul
                0x0000000000000000        0x0 c:/tools/avr-gcc_7.3.0/bin/../lib/gcc/avr/7.3.0/avr5\libgcc.a(_epilogue.o)
 .text.libgcc.fixed
                0x0000000000000000        0x0 c:/tools/avr-gcc_7.3.0/bin/../lib/gcc/avr/7.3.0/avr5\libgcc.a(_epilogue.o)

Memory Configuration

Name             Origin             Length             Attributes
text             0x0000000000000000 0x0000000000008000 xr
data             0x0000000000800100 0x0000000000000800 rw !x
eeprom           0x0000000000810000 0x0000000000000400 rw !x
fuse             0x0000000000820000 0x0000000000000003 rw !x
lock             0x0000000000830000 0x0000000000000400 rw !x
signature        0x0000000000840000 0x0000000000000400 rw !x
user_signatures  0x0000000000850000 0x0000000000000400 rw !x
*default*        0x0000000000000000 0xffffffffffffffff

Linker script and memory map

Address of section .data set to 0x800100
LOAD c:/tools/avr-gcc_7.3.0/bin/../lib/gcc/avr/7.3.0/../../../../avr/lib/avr5/crtatmega328.o
LOAD obj-m328/src/main.o
LOAD obj-m328/src/uart.o
START GROUP
LOAD c:/tools/avr-gcc_7.3.0/bin/../lib/gcc/avr/7.3.0/avr5\libgcc.a
LOAD c:/tools/avr-gcc_7.3.0/bin/../lib/gcc/avr/7.3.0/../../../../avr/lib/avr5\libm.a
LOAD c:/tools/avr-gcc_7.3.0/bin/../lib/gcc/avr/7.3.0/../../../../avr/lib/avr5\libc.a
LOAD c:/tools/avr-gcc_7.3.0/bin/../lib/gcc/avr/7.3.0/../../../../avr/lib/avr5\libatmega328.a
END GROUP
                0x0000000000000000                __TEXT_REGION_ORIGIN__ = DEFINED (__TEXT_REGION_ORIGIN__)?__TEXT_REGION_ORIGIN__:0x0
                [0x0000000000800100]                __DATA_REGION_ORIGIN__ = DEFINED (__DATA_REGION_ORIGIN__)?__DATA_REGION_ORIGIN__:0x800060
                [0x0000000000008000]                __TEXT_REGION_LENGTH__ = DEFINED (__TEXT_REGION_LENGTH__)?__TEXT_REGION_LENGTH__:0x20000
                [0x0000000000000800]                __DATA_REGION_LENGTH__ = DEFINED (__DATA_REGION_LENGTH__)?__DATA_REGION_LENGTH__:0xffa0
                [0x0000000000000400]                __EEPROM_REGION_LENGTH__ = DEFINED (__EEPROM_REGION_LENGTH__)?__EEPROM_REGION_LENGTH__:0x10000
                [0x0000000000000003]                __FUSE_REGION_LENGTH__ = DEFINED (__FUSE_REGION_LENGTH__)?__FUSE_REGION_LENGTH__:0x400
                0x0000000000000400                __LOCK_REGION_LENGTH__ = DEFINED (__LOCK_REGION_LENGTH__)?__LOCK_REGION_LENGTH__:0x400
                0x0000000000000400                __SIGNATURE_REGION_LENGTH__ = DEFINED (__SIGNATURE_REGION_LENGTH__)?__SIGNATURE_REGION_LENGTH__:0x400
                0x0000000000000400                __USER_SIGNATURE_REGION_LENGTH__ = DEFINED (__USER_SIGNATURE_REGION_LENGTH__)?__USER_SIGNATURE_REGION_LENGTH__:0x400

.hash
 *(.hash)

.dynsym
 *(.dynsym)

.dynstr
 *(.dynstr)

.gnu.version
 *(.gnu.version)

.gnu.version_d
 *(.gnu.version_d)

.gnu.version_r
 *(.gnu.version_r)

.rel.init
 *(.rel.init)

.rela.init
 *(.rela.init)

.rel.text
 *(.rel.text)
 *(.rel.text.*)
 *(.rel.gnu.linkonce.t*)

.rela.text
 *(.rela.text)
 *(.rela.text.*)
 *(.rela.gnu.linkonce.t*)

.rel.fini
 *(.rel.fini)

.rela.fini
 *(.rela.fini)

.rel.rodata
 *(.rel.rodata)
 *(.rel.rodata.*)
 *(.rel.gnu.linkonce.r*)

.rela.rodata
 *(.rela.rodata)
 *(.rela.rodata.*)
 *(.rela.gnu.linkonce.r*)

.rel.data
 *(.rel.data)
 *(.rel.data.*)
 *(.rel.gnu.linkonce.d*)

.rela.data
 *(.rela.data)
 *(.rela.data.*)
 *(.rela.gnu.linkonce.d*)

.rel.ctors
 *(.rel.ctors)

.rela.ctors
 *(.rela.ctors)

.rel.dtors
 *(.rel.dtors)

.rela.dtors
 *(.rela.dtors)

.rel.got
 *(.rel.got)

.rela.got
 *(.rela.got)

.rel.bss
 *(.rel.bss)

.rela.bss
 *(.rela.bss)

.rel.plt
 *(.rel.plt)

.rela.plt
 *(.rela.plt)

.text           0x0000000000000000      0x194
 *(.vectors)
 .vectors       0x0000000000000000       0x68 c:/tools/avr-gcc_7.3.0/bin/../lib/gcc/avr/7.3.0/../../../../avr/lib/avr5/crtatmega328.o
                0x0000000000000000                __vector_default
                0x0000000000000000                __vectors
 *(.vectors)
 *(.progmem.gcc*)
                0x0000000000000068                . = ALIGN (0x2)
                0x0000000000000068                __trampolines_start = .
 *(.trampolines)
 .trampolines   0x0000000000000068        0x0 linker stubs
 *(.trampolines*)
                0x0000000000000068                __trampolines_end = .
 *libprintf_flt.a:*(.progmem.data)
 *libc.a:*(.progmem.data)
 *(.progmem*)
                0x0000000000000068                . = ALIGN (0x2)
 *(.jumptables)
 *(.jumptables*)
 *(.lowtext)
 *(.lowtext*)
                0x0000000000000068                __ctors_start = .
 *(.ctors)
                0x0000000000000068                __ctors_end = .
                0x0000000000000068                __dtors_start = .
 *(.dtors)
                0x0000000000000068                __dtors_end = .
 SORT(*)(.ctors)
 SORT(*)(.dtors)
 *(.init0)
 .init0         0x0000000000000068        0x0 c:/tools/avr-gcc_7.3.0/bin/../lib/gcc/avr/7.3.0/../../../../avr/lib/avr5/crtatmega328.o
                0x0000000000000068                __init
 *(.init0)
 *(.init1)
 *(.init1)
 *(.init2)
 .init2         0x0000000000000068        0xc c:/tools/avr-gcc_7.3.0/bin/../lib/gcc/avr/7.3.0/../../../../avr/lib/avr5/crtatmega328.o
 *(.init2)
 *(.init3)
 *(.init3)
 *(.init4)
 .init4         0x0000000000000074       0x10 c:/tools/avr-gcc_7.3.0/bin/../lib/gcc/avr/7.3.0/avr5\libgcc.a(_clear_bss.o)
                0x0000000000000074                __do_clear_bss
 *(.init4)
 *(.init5)
 *(.init5)
 *(.init6)
 *(.init6)
 *(.init7)
 *(.init7)
 *(.init8)
 *(.init8)
 *(.init9)
 .init9         0x0000000000000084        0x4 c:/tools/avr-gcc_7.3.0/bin/../lib/gcc/avr/7.3.0/../../../../avr/lib/avr5/crtatmega328.o
 *(.init9)
 *(.text)
 .text          0x0000000000000088        0x2 c:/tools/avr-gcc_7.3.0/bin/../lib/gcc/avr/7.3.0/../../../../avr/lib/avr5/crtatmega328.o
                0x0000000000000088                __vector_22
                0x0000000000000088                __vector_1
                0x0000000000000088                __vector_24
                0x0000000000000088                __vector_12
                0x0000000000000088                __bad_interrupt
                0x0000000000000088                __vector_6
                0x0000000000000088                __vector_3
                0x0000000000000088                __vector_23
                0x0000000000000088                __vector_25
                0x0000000000000088                __vector_11
                0x0000000000000088                __vector_13
                0x0000000000000088                __vector_17
                0x0000000000000088                __vector_7
                0x0000000000000088                __vector_5
                0x0000000000000088                __vector_4
                0x0000000000000088                __vector_9
                0x0000000000000088                __vector_2
                0x0000000000000088                __vector_21
                0x0000000000000088                __vector_15
                0x0000000000000088                __vector_8
                0x0000000000000088                __vector_14
                0x0000000000000088                __vector_10
                0x0000000000000088                __vector_16
                0x0000000000000088                __vector_20
                0x000000000000008a                . = ALIGN (0x2)
 *(.text.*)
 .text.startup.main
                0x000000000000008a        0xe obj-m328/src/main.o
                0x000000000000008a                main
 .text.__vector_19
                0x0000000000000098       0x56 obj-m328/src/uart.o
                0x0000000000000098                __vector_19
 .text.__vector_18
                0x00000000000000ee       0x42 obj-m328/src/uart.o
                0x00000000000000ee                __vector_18
 .text.uart0_data_available
                0x0000000000000130       0x12 obj-m328/src/uart.o
                0x0000000000000130                uart_data_available
                0x0000000000000130                uart0_data_available
 .text.uart0_putc
                0x0000000000000142       0x2a obj-m328/src/uart.o
                0x0000000000000142                uart0_putc
                0x0000000000000142                uart_putc
 .text.uart0_getc
                0x000000000000016c       0x24 obj-m328/src/uart.o
                0x000000000000016c                uart0_getc
                0x000000000000016c                uart_getc
                0x0000000000000190                . = ALIGN (0x2)
 *(.fini9)
 .fini9         0x0000000000000190        0x0 c:/tools/avr-gcc_7.3.0/bin/../lib/gcc/avr/7.3.0/avr5\libgcc.a(_exit.o)
                0x0000000000000190                _exit
                0x0000000000000190                exit
 *(.fini9)
 *(.fini8)
 *(.fini8)
 *(.fini7)
 *(.fini7)
 *(.fini6)
 *(.fini6)
 *(.fini5)
 *(.fini5)
 *(.fini4)
 *(.fini4)
 *(.fini3)
 *(.fini3)
 *(.fini2)
 *(.fini2)
 *(.fini1)
 *(.fini1)
 *(.fini0)
 .fini0         0x0000000000000190        0x4 c:/tools/avr-gcc_7.3.0/bin/../lib/gcc/avr/7.3.0/avr5\libgcc.a(_exit.o)
 *(.fini0)
                0x0000000000000194                _etext = .

.data           0x0000000000800100        0x0 load address 0x0000000000000194
                [!provide]                        PROVIDE (__data_start, .)
 *(.data)
 *(.data*)
 *(.gnu.linkonce.d*)
 *(.rodata)
 *(.rodata*)
 *(.gnu.linkonce.r*)
                0x0000000000800100                . = ALIGN (0x2)
                0x0000000000800100                _edata = .
                [!provide]                        PROVIDE (__data_end, .)

.bss            0x0000000000800100      0x204
                0x0000000000800100                PROVIDE (__bss_start, .)
 *(.bss)
 *(.bss*)
 .bss.rx0_head  0x0000000000800100        0x1 obj-m328/src/uart.o
 .bss.rx0_tail  0x0000000000800101        0x1 obj-m328/src/uart.o
 .bss.rx0_buf   0x0000000000800102      0x100 obj-m328/src/uart.o
 .bss.tx0_head  0x0000000000800202        0x1 obj-m328/src/uart.o
 .bss.tx0_tail  0x0000000000800203        0x1 obj-m328/src/uart.o
 .bss.tx0_buf   0x0000000000800204      0x100 obj-m328/src/uart.o
 *(COMMON)
                0x0000000000800304                PROVIDE (__bss_end, .)
                0x0000000000000194                __data_load_start = LOADADDR (.data)
                0x0000000000000194                __data_load_end = (__data_load_start + SIZEOF (.data))

.noinit         0x0000000000800304        0x0
                [!provide]                        PROVIDE (__noinit_start, .)
 *(.noinit*)
                [!provide]                        PROVIDE (__noinit_end, .)
                0x0000000000800304                _end = .
                [!provide]                        PROVIDE (__heap_start, .)

.eeprom         0x0000000000810000        0x0
 *(.eeprom*)
                0x0000000000810000                __eeprom_end = .

.fuse
 *(.fuse)
 *(.lfuse)
 *(.hfuse)
 *(.efuse)

.lock
 *(.lock*)

.signature
 *(.signature*)

.user_signatures
 *(.user_signatures*)

.stab
 *(.stab)

.stabstr
 *(.stabstr)

.stab.excl
 *(.stab.excl)

.stab.exclstr
 *(.stab.exclstr)

.stab.index
 *(.stab.index)

.stab.indexstr
 *(.stab.indexstr)

.comment        0x0000000000000000       0x30
 *(.comment)
 .comment       0x0000000000000000       0x30 obj-m328/src/main.o
                                         0x31 (size before relaxing)
 .comment       0x0000000000000030       0x31 obj-m328/src/uart.o

.note.gnu.avr.deviceinfo
                0x0000000000000000       0x3c
 .note.gnu.avr.deviceinfo
                0x0000000000000000       0x3c c:/tools/avr-gcc_7.3.0/bin/../lib/gcc/avr/7.3.0/../../../../avr/lib/avr5/crtatmega328.o

.note.gnu.build-id
 *(.note.gnu.build-id)

.debug
 *(.debug)

.line
 *(.line)

.debug_srcinfo
 *(.debug_srcinfo)

.debug_sfnames
 *(.debug_sfnames)

.debug_aranges  0x0000000000000000       0xa0
 *(.debug_aranges)
 .debug_aranges
                0x0000000000000000       0x28 obj-m328/src/main.o
 .debug_aranges
                0x0000000000000028       0x78 obj-m328/src/uart.o

.debug_pubnames
 *(.debug_pubnames)

.debug_info     0x0000000000000000      0xd00
 *(.debug_info .gnu.linkonce.wi.*)
 .debug_info    0x0000000000000000      0x5f4 c:/tools/avr-gcc_7.3.0/bin/../lib/gcc/avr/7.3.0/../../../../avr/lib/avr5/crtatmega328.o
 .debug_info    0x00000000000005f4      0x200 obj-m328/src/main.o
 .debug_info    0x00000000000007f4      0x50c obj-m328/src/uart.o

.debug_abbrev   0x0000000000000000      0x908
 *(.debug_abbrev)
 .debug_abbrev  0x0000000000000000      0x5a2 c:/tools/avr-gcc_7.3.0/bin/../lib/gcc/avr/7.3.0/../../../../avr/lib/avr5/crtatmega328.o
 .debug_abbrev  0x00000000000005a2      0x157 obj-m328/src/main.o
 .debug_abbrev  0x00000000000006f9      0x20f obj-m328/src/uart.o

.debug_line     0x0000000000000000      0x433
 *(.debug_line .debug_line.* .debug_line_end)
 .debug_line    0x0000000000000000       0x1a c:/tools/avr-gcc_7.3.0/bin/../lib/gcc/avr/7.3.0/../../../../avr/lib/avr5/crtatmega328.o
 .debug_line    0x000000000000001a       0xb6 obj-m328/src/main.o
 .debug_line    0x00000000000000d0      0x363 obj-m328/src/uart.o

.debug_frame    0x0000000000000000      0x178
 *(.debug_frame)
 .debug_frame   0x0000000000000000       0x34 obj-m328/src/main.o
 .debug_frame   0x0000000000000034      0x144 obj-m328/src/uart.o

.debug_str      0x0000000000000000      0x4b3
 *(.debug_str)
 .debug_str     0x0000000000000000      0x208 c:/tools/avr-gcc_7.3.0/bin/../lib/gcc/avr/7.3.0/../../../../avr/lib/avr5/crtatmega328.o
 .debug_str     0x0000000000000208      0x1a7 obj-m328/src/main.o
                                        0x1e5 (size before relaxing)
 .debug_str     0x00000000000003af      0x104 obj-m328/src/uart.o
                                        0x29b (size before relaxing)

.debug_loc      0x0000000000000000      0x459
 *(.debug_loc)
 .debug_loc     0x0000000000000000      0x459 obj-m328/src/uart.o

.debug_macinfo
 *(.debug_macinfo)

.debug_weaknames
 *(.debug_weaknames)

.debug_funcnames
 *(.debug_funcnames)

.debug_typenames
 *(.debug_typenames)

.debug_varnames
 *(.debug_varnames)

.debug_pubtypes
 *(.debug_pubtypes)

.debug_ranges   0x0000000000000000       0x80
 *(.debug_ranges)
 .debug_ranges  0x0000000000000000       0x18 obj-m328/src/main.o
 .debug_ranges  0x0000000000000018       0x68 obj-m328/src/uart.o

.debug_macro
 *(.debug_macro)
OUTPUT(obj-m328/TestSerial.elf elf32-avr)
LOAD linker stubs

Cross Reference Table

Symbol                                            File
__DATA_REGION_LENGTH__                            c:/tools/avr-gcc_7.3.0/bin/../lib/gcc/avr/7.3.0/../../../../avr/lib/avr5/crtatmega328.o
__DATA_REGION_ORIGIN__                            c:/tools/avr-gcc_7.3.0/bin/../lib/gcc/avr/7.3.0/../../../../avr/lib/avr5/crtatmega328.o
__EEPROM_REGION_LENGTH__                          c:/tools/avr-gcc_7.3.0/bin/../lib/gcc/avr/7.3.0/../../../../avr/lib/avr5/crtatmega328.o
__FUSE_REGION_LENGTH__                            c:/tools/avr-gcc_7.3.0/bin/../lib/gcc/avr/7.3.0/../../../../avr/lib/avr5/crtatmega328.o
__TEXT_REGION_LENGTH__                            c:/tools/avr-gcc_7.3.0/bin/../lib/gcc/avr/7.3.0/../../../../avr/lib/avr5/crtatmega328.o
__bad_interrupt                                   c:/tools/avr-gcc_7.3.0/bin/../lib/gcc/avr/7.3.0/../../../../avr/lib/avr5/crtatmega328.o
__bss_end                                         c:/tools/avr-gcc_7.3.0/bin/../lib/gcc/avr/7.3.0/avr5\libgcc.a(_clear_bss.o)
__bss_start                                       c:/tools/avr-gcc_7.3.0/bin/../lib/gcc/avr/7.3.0/avr5\libgcc.a(_clear_bss.o)
__do_clear_bss                                    c:/tools/avr-gcc_7.3.0/bin/../lib/gcc/avr/7.3.0/avr5\libgcc.a(_clear_bss.o)
                                                  obj-m328/src/uart.o
__epilogue_restores__                             c:/tools/avr-gcc_7.3.0/bin/../lib/gcc/avr/7.3.0/avr5\libgcc.a(_epilogue.o)
                                                  obj-m328/src/uart.o
__heap_end                                        c:/tools/avr-gcc_7.3.0/bin/../lib/gcc/avr/7.3.0/../../../../avr/lib/avr5/crtatmega328.o
__init                                            c:/tools/avr-gcc_7.3.0/bin/../lib/gcc/avr/7.3.0/../../../../avr/lib/avr5/crtatmega328.o
__prologue_saves__                                c:/tools/avr-gcc_7.3.0/bin/../lib/gcc/avr/7.3.0/avr5\libgcc.a(_prologue.o)
                                                  obj-m328/src/uart.o
__stack                                           c:/tools/avr-gcc_7.3.0/bin/../lib/gcc/avr/7.3.0/../../../../avr/lib/avr5/crtatmega328.o
__vector_1                                        c:/tools/avr-gcc_7.3.0/bin/../lib/gcc/avr/7.3.0/../../../../avr/lib/avr5/crtatmega328.o
__vector_10                                       c:/tools/avr-gcc_7.3.0/bin/../lib/gcc/avr/7.3.0/../../../../avr/lib/avr5/crtatmega328.o
__vector_11                                       c:/tools/avr-gcc_7.3.0/bin/../lib/gcc/avr/7.3.0/../../../../avr/lib/avr5/crtatmega328.o
__vector_12                                       c:/tools/avr-gcc_7.3.0/bin/../lib/gcc/avr/7.3.0/../../../../avr/lib/avr5/crtatmega328.o
__vector_13                                       c:/tools/avr-gcc_7.3.0/bin/../lib/gcc/avr/7.3.0/../../../../avr/lib/avr5/crtatmega328.o
__vector_14                                       c:/tools/avr-gcc_7.3.0/bin/../lib/gcc/avr/7.3.0/../../../../avr/lib/avr5/crtatmega328.o
__vector_15                                       c:/tools/avr-gcc_7.3.0/bin/../lib/gcc/avr/7.3.0/../../../../avr/lib/avr5/crtatmega328.o
__vector_16                                       c:/tools/avr-gcc_7.3.0/bin/../lib/gcc/avr/7.3.0/../../../../avr/lib/avr5/crtatmega328.o
__vector_17                                       c:/tools/avr-gcc_7.3.0/bin/../lib/gcc/avr/7.3.0/../../../../avr/lib/avr5/crtatmega328.o
__vector_18                                       obj-m328/src/uart.o
                                                  c:/tools/avr-gcc_7.3.0/bin/../lib/gcc/avr/7.3.0/../../../../avr/lib/avr5/crtatmega328.o
__vector_19                                       obj-m328/src/uart.o
                                                  c:/tools/avr-gcc_7.3.0/bin/../lib/gcc/avr/7.3.0/../../../../avr/lib/avr5/crtatmega328.o
__vector_2                                        c:/tools/avr-gcc_7.3.0/bin/../lib/gcc/avr/7.3.0/../../../../avr/lib/avr5/crtatmega328.o
__vector_20                                       c:/tools/avr-gcc_7.3.0/bin/../lib/gcc/avr/7.3.0/../../../../avr/lib/avr5/crtatmega328.o
__vector_21                                       c:/tools/avr-gcc_7.3.0/bin/../lib/gcc/avr/7.3.0/../../../../avr/lib/avr5/crtatmega328.o
__vector_22                                       c:/tools/avr-gcc_7.3.0/bin/../lib/gcc/avr/7.3.0/../../../../avr/lib/avr5/crtatmega328.o
__vector_23                                       c:/tools/avr-gcc_7.3.0/bin/../lib/gcc/avr/7.3.0/../../../../avr/lib/avr5/crtatmega328.o
__vector_24                                       c:/tools/avr-gcc_7.3.0/bin/../lib/gcc/avr/7.3.0/../../../../avr/lib/avr5/crtatmega328.o
__vector_25                                       c:/tools/avr-gcc_7.3.0/bin/../lib/gcc/avr/7.3.0/../../../../avr/lib/avr5/crtatmega328.o
__vector_3                                        c:/tools/avr-gcc_7.3.0/bin/../lib/gcc/avr/7.3.0/../../../../avr/lib/avr5/crtatmega328.o
__vector_4                                        c:/tools/avr-gcc_7.3.0/bin/../lib/gcc/avr/7.3.0/../../../../avr/lib/avr5/crtatmega328.o
__vector_5                                        c:/tools/avr-gcc_7.3.0/bin/../lib/gcc/avr/7.3.0/../../../../avr/lib/avr5/crtatmega328.o
__vector_6                                        c:/tools/avr-gcc_7.3.0/bin/../lib/gcc/avr/7.3.0/../../../../avr/lib/avr5/crtatmega328.o
__vector_7                                        c:/tools/avr-gcc_7.3.0/bin/../lib/gcc/avr/7.3.0/../../../../avr/lib/avr5/crtatmega328.o
__vector_8                                        c:/tools/avr-gcc_7.3.0/bin/../lib/gcc/avr/7.3.0/../../../../avr/lib/avr5/crtatmega328.o
__vector_9                                        c:/tools/avr-gcc_7.3.0/bin/../lib/gcc/avr/7.3.0/../../../../avr/lib/avr5/crtatmega328.o
__vector_default                                  c:/tools/avr-gcc_7.3.0/bin/../lib/gcc/avr/7.3.0/../../../../avr/lib/avr5/crtatmega328.o
__vectors                                         c:/tools/avr-gcc_7.3.0/bin/../lib/gcc/avr/7.3.0/../../../../avr/lib/avr5/crtatmega328.o
_exit                                             c:/tools/avr-gcc_7.3.0/bin/../lib/gcc/avr/7.3.0/avr5\libgcc.a(_exit.o)
exit                                              c:/tools/avr-gcc_7.3.0/bin/../lib/gcc/avr/7.3.0/avr5\libgcc.a(_exit.o)
                                                  c:/tools/avr-gcc_7.3.0/bin/../lib/gcc/avr/7.3.0/../../../../avr/lib/avr5/crtatmega328.o
init                                              obj-m328/src/main.o
main                                              obj-m328/src/main.o
                                                  c:/tools/avr-gcc_7.3.0/bin/../lib/gcc/avr/7.3.0/../../../../avr/lib/avr5/crtatmega328.o
uart0_data_available                              obj-m328/src/uart.o
uart0_data_tosend                                 obj-m328/src/uart.o
uart0_flush                                       obj-m328/src/uart.o
uart0_getc                                        obj-m328/src/uart.o
uart0_putc                                        obj-m328/src/uart.o
uart0_putcrlf                                     obj-m328/src/uart.o
uart0_puthex                                      obj-m328/src/uart.o
uart0_puts_P                                      obj-m328/src/uart.o
uart0_trace                                       obj-m328/src/uart.o
uart_data_available                               obj-m328/src/uart.o
                                                  obj-m328/src/main.o
uart_data_tosend                                  obj-m328/src/uart.o
uart_flush                                        obj-m328/src/uart.o
uart_getc                                         obj-m328/src/uart.o
                                                  obj-m328/src/main.o
uart_init                                         obj-m328/src/uart.o
uart_putc                                         obj-m328/src/uart.o
                                                  obj-m328/src/main.o
uart_putcrlf                                      obj-m328/src/uart.o
uart_puthex                                       obj-m328/src/uart.o
uart_puts_P                                       obj-m328/src/uart.o
uart_trace                                        obj-m328/src/uart.o
